<testsuites id="" name="" tests="1" failures="1" skipped="0" errors="0" time="36.197998">
<testsuite name="auth-improvement.spec.ts" timestamp="2025-08-03T14:53:38.644Z" hostname="chromium" tests="1" failures="1" skipped="0" time="11.572" errors="0">
<testcase name="개선된 인증 시스템 › 비회원이 랜딩페이지에 접근할 수 있어야 한다" classname="auth-improvement.spec.ts" time="11.572">
<failure message="auth-improvement.spec.ts:13:3 비회원이 랜딩페이지에 접근할 수 있어야 한다" type="FAILURE">
<![CDATA[  [chromium] › auth-improvement.spec.ts:13:3 › 개선된 인증 시스템 › 비회원이 랜딩페이지에 접근할 수 있어야 한다 ───────────────

    Error: Timed out 10000ms waiting for expect(locator).toBeVisible()

    Locator: getByRole('heading', { name: /Find Quality Elder Care/ })
    Expected: visible
    Received: <element(s) not found>
    Call log:
      - Expect "toBeVisible" with timeout 10000ms
      - waiting for getByRole('heading', { name: /Find Quality Elder Care/ })


      16 |     
      17 |     // 메인 헤드라인 확인
    > 18 |     await expect(page.getByRole('heading', { name: /Find Quality Elder Care/ })).toBeVisible();
         |                                                                                  ^
      19 |     
      20 |     // 로그인 없이도 접근 가능한 요소들 확인
      21 |     await expect(page.getByText('Worldwide')).toBeVisible();
        at /mnt/c/Users/human-10/elderberry/frontend/tests/auth-improvement.spec.ts:18:82

    attachment #1: screenshot (image/png) ──────────────────────────────────────────────────────────
    ../test-results/auth-improvement-개선된-인증-시스템-비회원이-랜딩페이지에-접근할-수-있어야-한다-chromium/test-failed-1.png
    ────────────────────────────────────────────────────────────────────────────────────────────────

    attachment #2: video (video/webm) ──────────────────────────────────────────────────────────────
    ../test-results/auth-improvement-개선된-인증-시스템-비회원이-랜딩페이지에-접근할-수-있어야-한다-chromium/video.webm
    ────────────────────────────────────────────────────────────────────────────────────────────────

    Error Context: ../test-results/auth-improvement-개선된-인증-시스템-비회원이-랜딩페이지에-접근할-수-있어야-한다-chromium/error-context.md
]]>
</failure>
<system-out>
<![CDATA[
[[ATTACHMENT|test-results/auth-improvement-개선된-인증-시스템-비회원이-랜딩페이지에-접근할-수-있어야-한다-chromium/test-failed-1.png]]

[[ATTACHMENT|test-results/auth-improvement-개선된-인증-시스템-비회원이-랜딩페이지에-접근할-수-있어야-한다-chromium/video.webm]]

[[ATTACHMENT|test-results/auth-improvement-개선된-인증-시스템-비회원이-랜딩페이지에-접근할-수-있어야-한다-chromium/error-context.md]]
]]>
</system-out>
</testcase>
</testsuite>
</testsuites>